[33m▲ [43;33m[[43;30mWARNING[43;33m][0m [1mProxy environment variables detected. We'll use your proxy for fetch requests.[0m



 ⛅️ wrangler 4.146.0
────────────────────
Your Worker has access to the following bindings:
Binding                         Resource                  Mode
env.ROOMS (Room)                Durable Object            local
env.MM (Matchmaker)             Durable Object            local
env.ASSETS                      Assets                    local
env.BASE_PATH ("/kumite")       Environment Variable      local

[33m▲ [43;33m[[43;30mWARNING[43;33m][0m [1mWarning: The following routes will attempt to serve Assets on a configured path:[0m

    • looktwicestudio.com/kumite* (Will match assets: public/kumite*)
  
  Requests not matching an asset will be forwarded to the Worker's code.


[wrangler:warn] Unable to fetch the `Request.cf` object! Falling back to a default placeholder...
Error: Request was cancelled.
    at new DOMException (node:internal/per_context/domexception:76:18)
    at makeAppropriateNetworkError (/home/user/sumo/node_modules/undici/lib/web/fetch/response.js:488:38)
    at httpNetworkFetch (/home/user/sumo/node_modules/undici/lib/web/fetch/index.js:1971:14)
    at process.processTicksAndRejections (node:internal/process/task_queues:105:5)
    at async httpNetworkOrCacheFetch (/home/user/sumo/node_modules/undici/lib/web/fetch/index.js:1600:29)
    at async httpFetch (/home/user/sumo/node_modules/undici/lib/web/fetch/index.js:1142:33)
    at async mainFetch (/home/user/sumo/node_modules/undici/lib/web/fetch/index.js:596:20)
⎔ Starting local server...
[wrangler:warn] Unable to fetch the `Request.cf` object! Falling back to a default placeholder...
Error: Request was cancelled.
    at new DOMException (node:internal/per_context/domexception:76:18)
    at makeAppropriateNetworkError (/home/user/sumo/node_modules/undici/lib/web/fetch/response.js:488:38)
    at httpNetworkFetch (/home/user/sumo/node_modules/undici/lib/web/fetch/index.js:1971:14)
    at process.processTicksAndRejections (node:internal/process/task_queues:105:5)
    at async httpNetworkOrCacheFetch (/home/user/sumo/node_modules/undici/lib/web/fetch/index.js:1600:29)
    at async httpFetch (/home/user/sumo/node_modules/undici/lib/web/fetch/index.js:1142:33)
    at async mainFetch (/home/user/sumo/node_modules/undici/lib/web/fetch/index.js:596:20)
Wrangler detected this dev session is running in an AI agent.
The Local Explorer API is available at http://localhost:8787/cdn-cgi/local/explorer/api
Useful routes:
  GET http://localhost:8787/cdn-cgi/local/explorer/api/local/workers - local Workers and bindings
  POST http://localhost:8787/cdn-cgi/local/explorer/api/local/scheduled?worker=<name> - invoke a Worker's scheduled handler; cron is required (see the OpenAPI schema for the full request)
  GET http://localhost:8787/cdn-cgi/local/explorer/api/storage/kv/namespaces - KV namespaces
  GET http://localhost:8787/cdn-cgi/local/explorer/api/d1/database - D1 databases
  GET http://localhost:8787/cdn-cgi/local/explorer/api/r2/buckets - R2 buckets
  GET http://localhost:8787/cdn-cgi/local/explorer/api/workers/durable_objects/namespaces - Durable Object namespaces
  GET http://localhost:8787/cdn-cgi/local/explorer/api/workflows - Workflows
  POST http://localhost:8787/cdn-cgi/local/explorer/api/local/observability/query - run a read-only SQL query (SELECT/WITH only) over captured request traces and console logs. Tables: spans, logs (read attributes via json(attributes)). Example:
    curl -X POST http://localhost:8787/cdn-cgi/local/explorer/api/local/observability/query -H 'Content-Type: application/json' -d '{"sql":"SELECT service, name, outcome, duration_ms FROM spans WHERE parent_id IS NULL LIMIT 20"}'
  POST http://localhost:8787/cdn-cgi/local/explorer/api/local/observability/clear - clear all captured traces and logs
If the routes above don't cover what you need, fetch the full OpenAPI schema (large - use only as a last resort):
  GET http://localhost:8787/cdn-cgi/local/explorer/api - OpenAPI schema
[wrangler:info] Ready on http://localhost:8787
[wrangler:info] GET /kumite/ 200 OK (49ms)
[wrangler:info] GET /kumite/css/style.css 200 OK (22ms)
[wrangler:info] GET /kumite/vendor/three.min.js 200 OK (24ms)
[wrangler:info] GET /kumite/js/config.js 200 OK (22ms)
[wrangler:info] GET /kumite/js/input.js 200 OK (57ms)
[wrangler:info] GET /kumite/js/sim.js 200 OK (58ms)
[wrangler:info] GET /kumite/js/profile.js 200 OK (60ms)
[wrangler:info] GET /kumite/js/audio.js 200 OK (36ms)
[wrangler:info] GET /kumite/js/render.js 200 OK (28ms)
[wrangler:info] GET /kumite/js/skills.js 200 OK (41ms)
[wrangler:info] GET /kumite/js/ai.js 200 OK (40ms)
[wrangler:info] GET /kumite/js/stages.js 200 OK (25ms)
[wrangler:info] GET /kumite/js/ui.js 200 OK (25ms)
[wrangler:info] GET /kumite/js/tutorial.js 200 OK (6ms)
[wrangler:info] GET /kumite/js/touch.js 200 OK (17ms)
[wrangler:info] GET /kumite/js/banners.js 200 OK (17ms)
[wrangler:info] GET /kumite/js/net.js 200 OK (22ms)
[wrangler:info] GET /kumite/vendor/qrcode.js 200 OK (21ms)
[wrangler:info] GET /kumite/js/phones.js 200 OK (22ms)
[wrangler:info] GET /kumite/js/game.js 200 OK (25ms)
[wrangler:info] GET /kumite/assets/banners/banner_01.webp 200 OK (13ms)
[wrangler:info] GET /kumite/assets/banners/banner_02.webp 200 OK (11ms)
[wrangler:info] GET /kumite/assets/banners/banner_05.webp 200 OK (26ms)
[wrangler:info] GET /kumite/assets/banners/banner_06.webp 200 OK (34ms)
[wrangler:info] GET /kumite/assets/banners/banner_03.webp 200 OK (36ms)
[wrangler:info] GET /kumite/assets/banners/banner_04.webp 200 OK (37ms)
[wrangler:info] GET /kumite/assets/banners/banner_07.webp 200 OK (22ms)
[wrangler:info] GET /kumite/assets/banners/banner_08.webp 200 OK (26ms)
[wrangler:info] GET /kumite/assets/banners/banner_09.webp 200 OK (7ms)
[wrangler:info] GET /kumite/assets/banners/banner_10.webp 200 OK (14ms)
[wrangler:info] GET /kumite/assets/banners/banner_11.webp 200 OK (30ms)
[wrangler:info] GET /kumite/assets/logo.webp 200 OK (8ms)
[wrangler:info] GET /kumite/ 200 OK (7ms)
[wrangler:info] GET /kumite/ 200 OK (5ms)
[wrangler:info] GET /kumite/css/style.css 200 OK (7ms)
[wrangler:info] GET /kumite/vendor/three.min.js 200 OK (8ms)
[wrangler:info] GET /kumite/js/config.js 200 OK (20ms)
[wrangler:info] GET /kumite/js/skills.js 200 OK (23ms)
[wrangler:info] GET /kumite/js/ai.js 200 OK (18ms)
[wrangler:info] GET /kumite/js/profile.js 200 OK (27ms)
[wrangler:info] GET /kumite/js/input.js 200 OK (27ms)
[wrangler:info] GET /kumite/js/sim.js 200 OK (25ms)
[wrangler:info] GET /kumite/js/audio.js 200 OK (30ms)
[wrangler:info] GET /kumite/js/render.js 200 OK (9ms)
[wrangler:info] GET /kumite/js/tutorial.js 200 OK (21ms)
[wrangler:info] GET /kumite/js/net.js 200 OK (22ms)
[wrangler:info] GET /kumite/js/stages.js 200 OK (23ms)
[wrangler:info] GET /kumite/js/ui.js 200 OK (24ms)
[wrangler:info] GET /kumite/vendor/qrcode.js 200 OK (19ms)
[wrangler:info] GET /kumite/js/phones.js 200 OK (20ms)
[wrangler:info] GET /kumite/js/touch.js 200 OK (9ms)
[wrangler:info] GET /kumite/js/banners.js 200 OK (15ms)
[wrangler:info] GET /kumite/js/game.js 200 OK (15ms)
[wrangler:info] GET /kumite/assets/banners/banner_01.webp 200 OK (8ms)
[wrangler:info] GET /kumite/assets/banners/banner_05.webp 200 OK (21ms)
[wrangler:info] GET /kumite/assets/banners/banner_06.webp 200 OK (22ms)
[wrangler:info] GET /kumite/assets/banners/banner_02.webp 200 OK (23ms)
[wrangler:info] GET /kumite/assets/banners/banner_03.webp 200 OK (31ms)
[wrangler:info] GET /kumite/assets/banners/banner_04.webp 200 OK (31ms)
[wrangler:info] GET /kumite/assets/banners/banner_07.webp 200 OK (30ms)
[wrangler:info] GET /kumite/assets/banners/banner_08.webp 200 OK (10ms)
[wrangler:info] GET /kumite/assets/banners/banner_09.webp 200 OK (13ms)
[wrangler:info] GET /kumite/assets/banners/banner_10.webp 200 OK (16ms)
[wrangler:info] GET /kumite/assets/banners/banner_11.webp 200 OK (17ms)
[wrangler:info] GET /kumite/assets/logo.webp 200 OK (6ms)
